--- EMAIL NOTIFICATION ---
Date: 2026-04-05 10:30:34
To: deepjagtap@gmail.com
Subject: Booking Received! #BK7
Message: Hello, your booking for Package ID 3 from 2026-04-08 to 2026-04-15 has been received and is currently Pending. We will let you know when an admin confirms it!
--------------------------

--- EMAIL NOTIFICATION ---
Date: 2026-04-05 10:30:56
To: deepjagtap@gmail.com
Subject: Booking Confirmed!
Message: Great news! Your booking #BK7 has been officially confirmed. You can now download your invoice from your Tour History.
--------------------------

--- EMAIL NOTIFICATION ---
Date: 2026-04-05 10:33:51
To: sohamdawale@gmail.com
Subject: Booking Received! #BK8
Message: Hello, your booking for Package ID 1 from 2026-04-08 to 2026-04-23 has been received and is currently Pending. We will let you know when an admin confirms it!
--------------------------

--- EMAIL NOTIFICATION ---
Date: 2026-04-05 10:34:19
To: sohamdawale@gmail.com
Subject: Booking Confirmed!
Message: Great news! Your booking #BK8 has been officially confirmed. You can now download your invoice from your Tour History.
--------------------------

--- EMAIL NOTIFICATION ---
Date: 2026-04-05 10:36:38
To: sohamdawale@gmail.com
Subject: Booking Received! #BK9
Message: Hello, your booking for Package ID 1 from 2026-04-07 to 2026-04-14 has been received and is currently Pending. We will let you know when an admin confirms it!
--------------------------

--- EMAIL NOTIFICATION ---
Date: 2026-04-05 10:36:44
To: sohamdawale@gmail.com
Subject: Booking Confirmed!
Message: Great news! Your booking #BK8 has been officially confirmed. You can now download your invoice from your Tour History.
--------------------------

--- EMAIL NOTIFICATION ---
Date: 2026-04-05 10:36:49
To: sohamdawale@gmail.com
Subject: Booking Confirmed!
Message: Great news! Your booking #BK9 has been officially confirmed. You can now download your invoice from your Tour History.
--------------------------

--- EMAIL NOTIFICATION ---
Date: 2026-04-05 10:37:01
To: sohamdawale@gmail.com
Subject: Booking Received! #BK10
Message: Hello, your booking for Package ID 1 from 2026-04-07 to 2026-04-14 has been received and is currently Pending. We will let you know when an admin confirms it!
--------------------------

--- EMAIL NOTIFICATION ---
Date: 2026-04-05 10:42:55
To: sohamdawale@gmail.com
Subject: Booking Received! #BK11
Message: Hello, your booking for Package ID 5 from 2026-04-08 to 2026-04-11 has been received and is currently Pending. We will let you know when an admin confirms it!
--------------------------

--- EMAIL NOTIFICATION ---
Date: 2026-04-05 10:43:19
To: sohamdawale@gmail.com
Subject: Booking Received! #BK12
Message: Hello, your booking for Package ID 5 from 2026-04-08 to 2026-04-11 has been received and is currently Pending. We will let you know when an admin confirms it!
--------------------------

